Traceback (most recent call last):
  File "C:\JM Programs\Calculator-App\comprehensive_test_suite.py", line 386, in <module>
    success = main()
  File "C:\JM Programs\Calculator-App\comprehensive_test_suite.py", line 341, in main
    print("\U0001f9ea CALCULATOR-APP COMPREHENSIVE TEST SUITE")
    ~~~~~^^^^^^^^^^^^^^^^^^^^^^^^^^^^^^^^^^^^^^^^^^^^^^
  File "C:\Python313\Lib\encodings\cp1252.py", line 19, in encode
    return codecs.charmap_encode(input,self.errors,encoding_table)[0]
           ~~~~~~~~~~~~~~~~~~~~~^^^^^^^^^^^^^^^^^^^^^^^^^^^^^^^^^^
UnicodeEncodeError: 'charmap' codec can't encode character '\U0001f9ea' in position 0: character maps to <undefined>
